0000 0000	0	1000 0111 1010 0011 0001	.... .... .... ....
0000 0001	0	0000 0000 1000 0001	.... .... .... ....
0000 0010	0	0000 1101 0111 1101	.... .... .... ....
